{"group":{"imageResolutionEqualness":{"errorMessage":"Possible resize or different used cameras detected: resolutions of image group are not equal to each other","resolutionSame":false}},"individual":{"cat_with_exif.jpg":{"blurriness":{"isBlurry":true,"quality":5,"varianceLaplacian":9,"varianceLaplacianCropped":11},"exif":{"exifMetadata":{"Aperture Value":"f/2.6","Brightness Value":"-39/100","Color Space":"sRGB","Creation-Date":"2013-04-29T15:48:39","Date/Time":"2013:04:29 11:48:39","Date/Time Digitized":"2013:04:29 11:48:39","Date/Time Original":"2013:04:29 11:48:39","Exif Image Height":"2448 pixels","Exif Image Width":"3264 pixels","Exif Version":"2.20","Exposure Bias Value":"0 EV","Exposure Mode":"Auto exposure","Exposure Program":"Aperture priority","Exposure Time":"1/15 sec","F-Number":"f/2.6","Flash":"Flash did not fire, auto","FlashPix Version":"1.00","Focal Length":"4 mm","ISO Speed Ratings":"400","Image Height":"2448 pixels","Image Width":"3264 pixels","Last-Modified":"2013-04-29T15:48:39","Last-Save-Date":"2013-04-29T15:48:39","Make":"SAMSUNG","Makernote":"[66 values]","Max Aperture Value":"f/2.6","Metering Mode":"Center weighted average","Model":"SGH-T989","Orientation":"Top, left side (Horizontal / normal)","Resolution Unit":"Inch","Scene Capture Type":"Standard","Shutter Speed Value":"1/14 sec","Software":"T989UVLI1","Unique Image ID":"SEEH05","User Comment":"","White Balance Mode":"Auto white balance","X Resolution":"72 dots per inch","Y Resolution":"72 dots per inch","YCbCr Positioning":"Center of pixel array","date":"2013-04-29T15:48:39","dcterms:created":"2013-04-29T15:48:39","dcterms:modified":"2013-04-29T15:48:39","exif:DateTimeOriginal":"2013-04-29T15:48:39","exif:ExposureTime":"0.06666666666666667","exif:FNumber":"2.65","exif:Flash":"false","exif:FocalLength":"4.03","exif:IsoSpeedRatings":"400","meta:creation-date":"2013-04-29T15:48:39","meta:save-date":"2013-04-29T15:48:39","modified":"2013-04-29T15:48:39","tiff:Make":"SAMSUNG","tiff:Model":"SGH-T989","tiff:Orientation":"1","tiff:ResolutionUnit":"Inch","tiff:Software":"T989UVLI1","tiff:XResolution":"72.0","tiff:YResolution":"72.0"},"imageDimensions":{"height":2448,"width":3264},"isMetadataPresent":true},"fraudDetection":{"errors":[]},"luminance":{"isBadlyLit":false,"isOverexposed":false,"isUnderexposed":false,"percentOfBlacks":6.06,"percentOfGreys":87.3,"percentOfWhites":6.64,"quality":100}},"cat_without_exif.jpg":{"blurriness":{"isBlurry":false,"quality":100,"varianceLaplacian":396,"varianceLaplacianCropped":716},"exif":{"exifMetadata":{"Image Height":"1600 pixels","Image Width":"2400 pixels","X Resolution":"300 dots","Y Resolution":"300 dots"},"imageDimensions":{"height":1600,"width":2400},"isMetadataPresent":false},"fraudDetection":{"errors":[]},"luminance":{"isBadlyLit":false,"isOverexposed":false,"isUnderexposed":false,"percentOfBlacks":12.3,"percentOfGreys":73.6,"percentOfWhites":14.1,"quality":92}}}}