{"rgs":{"CalcResponseValue":{"CalcKBMResponses":{"ErrorInfo":{"Code":3,"Message":"Обработан успешно"}},"IdRequestCalc":4325461411,"PolicyCalc":{"PolicyKBM":3,"PolicyKBMValue":1}},"ErrorList":{"ErrorInfo":{"Code":3,"Message":"Обработан успешно"}}}}